my_enrolled_courses/.git/*
my_enrolled_courses/.github/*
my_enrolled_courses/composer.lock
my_enrolled_courses/composer.json
my_enrolled_courses/log.txt
my_enrolled_courses/phpcs.xml
my_enrolled_courses/.gitignore
my_enrolled_courses/package.json
my_enrolled_courses/package-lock.json
my_enrolled_courses/vendor/bin/*
my_enrolled_courses/vendor/squizlabs/*
my_enrolled_courses/vendor/phpcompatibility/*
my_enrolled_courses/vendor/dealerdirect/*
my_enrolled_courses/vendor/moodlehq/*
my_enrolled_courses/vendor/composer/*
my_enrolled_courses/vendor/autoload.php
my_enrolled_courses/node_modules/*
my_enrolled_courses/phpunit.xml
my_enrolled_courses/tests/*
my_enrolled_courses/release/*
my_enrolled_courses/exclude.lst
my_enrolled_courses/Gruntfile.js
my_enrolled_courses/VERIFICATION.md
my_enrolled_courses/scripts/*
